../Core/Src/main.c:210:8:validate_PIXYchecksum	16	static
../Core/Src/main.c:251:5:main	16	static
../Core/Src/main.c:468:6:moves	24	static
../Core/Src/main.c:476:5:movel	24	static
../Core/Src/main.c:494:9:movex	24	static
../Core/Src/main.c:522:6:rspeed	4	static
../Core/Src/main.c:537:6:lspeed	4	static
../Core/Src/main.c:550:6:fspeed	4	static
../Core/Src/main.c:563:6:bspeed	4	static
../Core/Src/main.c:586:6:myprint	72	static
../Core/Src/main.c:598:6:intprint	72	static
../Core/Src/main.c:610:6:print_KANYEdata	72	static
../Core/Src/main.c:633:8:checksumcal	24	static
../Core/Src/main.c:680:8:getVersion	24	static
../Core/Src/main.c:733:8:getResolution	16	static
../Core/Src/main.c:769:8:setCameraBrightness	24	static
../Core/Src/main.c:854:8:getBlocks	32	static
../Core/Src/main.c:941:6:SystemClock_Config	72	static
../Core/Src/main.c:980:13:MX_USART1_UART_Init	8	static
../Core/Src/main.c:1013:13:MX_USART2_UART_Init	8	static
../Core/Src/main.c:1046:13:MX_USART3_UART_Init	8	static
../Core/Src/main.c:1079:13:MX_GPIO_Init	40	static
../Core/Src/main.c:1119:6:Error_Handler	4	static,ignoring_inline_asm
